app/(dashboard)/style/page.tsx(214,36): error TS2304: Cannot find name 'Zap'.
app/(dashboard)/workout/page.tsx(201,69): error TS2339: Property 'rounds' does not exist on type '{ id: string; name: string; type: string; rounds: number; exercises: ({ id: string; name: string; sets: number; reps: string; rest_after: string; how: string; form_cues: string[]; } | { id: string; name: string; ... 4 more ...; form_cues: string[]; })[]; } | ... 8 more ... | { ...; }'.
  Property 'rounds' does not exist on type '{ id: string; name: string; type: string; exercises: { id: string; name: string; duration_seconds: number; how: string; }[]; }'.
app/(dashboard)/workout/page.tsx(205,49): error TS2339: Property 'note' does not exist on type '{ id: string; name: string; type: string; rounds: number; exercises: ({ id: string; name: string; sets: number; reps: string; rest_after: string; how: string; form_cues: string[]; } | { id: string; name: string; ... 4 more ...; form_cues: string[]; })[]; } | ... 8 more ... | { ...; }'.
  Property 'note' does not exist on type '{ id: string; name: string; type: string; rounds: number; exercises: ({ id: string; name: string; sets: number; reps: string; rest_after: string; how: string; form_cues: string[]; } | { id: string; name: string; ... 4 more ...; form_cues: string[]; })[]; }'.
